// Jest Snapshot v1, https://goo.gl/fbAQLP

exports[`<UserDetail /> renders with empty props correctly 1`] = `
<div
  className="UserDetail container"
>
  <div
    className="back"
  />
  <div
    className="image"
  >
    <img
      alt=""
      src={undefined}
    />
  </div>
  <div
    className="header"
  >
    <h2>
      undefined, undefined
    </h2>
  </div>
  <div
    className="details"
  >
    <div
      className="divider"
    >
      <p>
        User Bio
      </p>
    </div>
    <p
      className="bio detail"
    />
  </div>
</div>
`;

exports[`<UserDetail /> renders with props correctly 1`] = `
<div
  className="UserDetail container"
>
  <div
    className="back"
  />
  <div
    className="image"
  >
    <img
      alt=""
      src={undefined}
    />
  </div>
  <div
    className="header"
  >
    <h2>
      undefined, undefined
    </h2>
  </div>
  <div
    className="details"
  >
    <div
      className="divider"
    >
      <p>
        User Bio
      </p>
    </div>
    <p
      className="bio detail"
    />
  </div>
</div>
`;
