// Jest Snapshot v1, https://goo.gl/fbAQLP

exports[`<UserDetail /> renders with empty props correctly 1`] = `
<div
  className="UserDetail"
>
  <img
    alt=""
    src={undefined}
  />
  <div
    className="header"
  >
    <h2
      className="name"
    />
    <h2
      className="age"
    />
  </div>
  <div
    className="details"
  >
    <p
      className="bio detail"
    />
  </div>
</div>
`;

exports[`<UserDetail /> renders with props correctly 1`] = `
<div
  className="UserDetail"
>
  <img
    alt=""
    src={undefined}
  />
  <div
    className="header"
  >
    <h2
      className="name"
    />
    <h2
      className="age"
    />
  </div>
  <div
    className="details"
  >
    <p
      className="bio detail"
    />
  </div>
</div>
`;
