// Jest Snapshot v1, https://goo.gl/fbAQLP

exports[`<App /> renders correctly 1`] = `
<div
  className="App"
>
  <div
    className="LayoutContent"
  >
    <nav
      className="navbar-expand-md navbar-dark navbar bg-primary"
    >
      <a
        className="navbar-brand"
        href="/"
      >
        cinder
      </a>
      <button
        className="navbar-toggler"
        onClick={[Function]}
        type="button"
      >
        <span
          className="navbar-toggler-icon"
        />
      </button>
      <div
        className="collapse navbar-collapse"
        style={Object {}}
      >
        <ul
          className="ml-auto navbar-nav"
        >
          <li
            className="nav-item"
          >
            <a
              className="nav-link"
              href="#"
              onClick={[Function]}
            >
              <img
                alt=""
                src="https://i.scdn.co/image/f4509fe9c589c12be5470653178f901bd697b97b"
              />
              Mac Miller
            </a>
          </li>
        </ul>
      </div>
    </nav>
    <div
      className="Home"
    >
      <div
        className="container-fluid"
      >
        <div
          className="full row"
        >
          <div
            className="col col-md-4 col-lg-3"
          >
            <div
              className="MatchesList"
            >
              <div
                className="empty"
              >
                <h3
                  className="msg align-self-center"
                >
                  No matches yet. Get swiping!
                </h3>
              </div>
            </div>
          </div>
          <div
            className="col col-md-8 col-lg-9"
          >
            <div
              className="empty"
            >
              <h1
                className="msg"
              >
                There's no one new around you :(
              </h1>
            </div>
          </div>
        </div>
      </div>
    </div>
  </div>
</div>
`;
