// Jest Snapshot v1, https://goo.gl/fbAQLP

exports[`<Matches /> renders correctly 1`] = `
<div
  className="Matches"
>
  <div
    className="container-fluid"
  >
    <div
      className="full row"
    >
      <div
        className="col col-sm-4"
      >
        <div
          className="MatchesList"
        >
          <div
            className="empty"
          >
            <h3
              className="msg align-self-center"
            >
              No matches yet. Get swiping!
            </h3>
          </div>
        </div>
      </div>
      <div
        className="col col-sm-8"
      >
        <div
          className="PotentialMatchDetailContainer"
        >
          <div
            className="UserDetail"
          >
            <img
              alt=""
              className="userImage"
              src="http://cache.umusic.com/_sites/kendricklamar.com/images/og.jpg"
            />
            <br />
            <div
              className="UserInfo"
            >
              <span
                className="UserNameAndAge"
              >
                Kendrick Lamar
                ,
                30
              </span>
              <br />
              <span
                className="UserBio"
              >
                How u doin?
              </span>
            </div>
            <div
              className="buttons"
            >
              <button
                className="NotButton btn btn-danger btn-lg"
                onClick={[Function]}
                type="button"
              >
                NOT
              </button>
               
              <button
                className="HotButton btn btn-success btn-lg"
                onClick={[Function]}
                type="button"
              >
                HOT
              </button>
            </div>
          </div>
          <br />
        </div>
      </div>
    </div>
  </div>
</div>
`;
