// Jest Snapshot v1, https://goo.gl/fbAQLP

exports[`<PotentialMatch /> renders correctly 1`] = `
<div
  className="PotentialMatchDetailContainer"
>
  <div
    className="UserDetail"
  >
    <img
      alt=""
      className="userImage"
      src="http://cache.umusic.com/_sites/kendricklamar.com/images/og.jpg"
    />
    <br />
    <div
      className="UserInfo"
    >
      <span
        className="UserNameAndAge"
      >
        Kendrick Lamar
        ,
        30
      </span>
      <br />
      <span
        className="UserBio"
      >
        How u doin?
      </span>
    </div>
    <div
      className="buttons"
    >
      <button
        className="NotButton btn btn-danger btn-lg"
        onClick={[Function]}
        type="button"
      >
        NOT
      </button>
       
      <button
        className="HotButton btn btn-success btn-lg"
        onClick={[Function]}
        type="button"
      >
        HOT
      </button>
    </div>
  </div>
  <br />
</div>
`;

exports[`<PotentialMatch /> renders with empty props correctly 1`] = `
<div
  className="PotentialMatchDetailContainer"
>
  <div
    className="UserDetail"
  >
    <img
      alt=""
      className="userImage"
      src="http://cache.umusic.com/_sites/kendricklamar.com/images/og.jpg"
    />
    <br />
    <div
      className="UserInfo"
    >
      <span
        className="UserNameAndAge"
      >
        Kendrick Lamar
        ,
        30
      </span>
      <br />
      <span
        className="UserBio"
      >
        How u doin?
      </span>
    </div>
    <div
      className="buttons"
    >
      <button
        className="NotButton btn btn-danger btn-lg"
        onClick={[Function]}
        type="button"
      >
        NOT
      </button>
       
      <button
        className="HotButton btn btn-success btn-lg"
        onClick={[Function]}
        type="button"
      >
        HOT
      </button>
    </div>
  </div>
  <br />
</div>
`;
