// Jest Snapshot v1, https://goo.gl/fbAQLP

exports[`renders without crashing 1`] = `
<View
  style={
    Object {
      "alignItems": "center",
      "backgroundColor": "#fff",
      "flex": 1,
    }
  }
>
  <Image
    source={
      Object {
        "uri": "https://gazettereview.com/wp-content/uploads/2017/11/ugly-god.jpg",
      }
    }
    style={
      Object {
        "borderRadius": 50,
        "height": 100,
        "marginTop": 20,
        "width": 100,
      }
    }
  />
  <Text
    accessible={true}
    allowFontScaling={true}
    ellipsizeMode="tail"
    style={
      Array [
        Object {
          "color": "#000",
          "fontSize": 27,
          "lineHeight": 32,
        },
        Object {
          "marginTop": 10,
        },
      ]
    }
    virtual={undefined}
  >
    Ugly God
  </Text>
  <View
    style={
      Object {
        "alignSelf": "stretch",
        "borderColor": "grey",
        "borderWidth": 0.5,
        "marginLeft": 2,
        "marginRight": 2,
        "marginTop": 15,
      }
    }
  />
  <View
    style={
      Object {
        "marginTop": 40,
      }
    }
  >
    <Text
      accessible={true}
      allowFontScaling={true}
      ellipsizeMode="tail"
    >
      Filtering Options Here
    </Text>
  </View>
</View>
`;
